---
source: tests/snapshot_tests.rs
expression: tokens
---
[
    Token {
        token_type: Let,
        line: 1,
        column: 4,
    },
    Token {
        token_type: Identifier(
            "x",
        ),
        line: 1,
        column: 6,
    },
    Token {
        token_type: Equals,
        line: 1,
        column: 7,
    },
    Token {
        token_type: Integer(
            42,
        ),
        line: 1,
        column: 11,
    },
    Token {
        token_type: Semicolon,
        line: 1,
        column: 11,
    },
    Token {
        token_type: Eof,
        line: 1,
        column: 12,
    },
]
